Archive member included because of file (symbol)

c:/users/petn/appdata/local/arduino15/packages/arduino/tools/arm-none-eabi-gcc/4.8.3-2014q1/bin/../lib/gcc/arm-none-eabi/4.8.3/../../../../arm-none-eabi/lib/armv6-m\libc_s.a(lib_a-exit.o)
                              c:/users/petn/appdata/local/arduino15/packages/arduino/tools/arm-none-eabi-gcc/4.8.3-2014q1/bin/../lib/gcc/arm-none-eabi/4.8.3/../../../../arm-none-eabi/lib/armv6-m/crt0.o (exit)
c:/users/petn/appdata/local/arduino15/packages/arduino/tools/arm-none-eabi-gcc/4.8.3-2014q1/bin/../lib/gcc/arm-none-eabi/4.8.3/../../../../arm-none-eabi/lib/armv6-m\libc_s.a(lib_a-impure.o)
                              c:/users/petn/appdata/local/arduino15/packages/arduino/tools/arm-none-eabi-gcc/4.8.3-2014q1/bin/../lib/gcc/arm-none-eabi/4.8.3/../../../../arm-none-eabi/lib/armv6-m\libc_s.a(lib_a-exit.o) (_global_impure_ptr)
c:/users/petn/appdata/local/arduino15/packages/arduino/tools/arm-none-eabi-gcc/4.8.3-2014q1/bin/../lib/gcc/arm-none-eabi/4.8.3/../../../../arm-none-eabi/lib/armv6-m\libc_s.a(lib_a-init.o)
                              c:/users/petn/appdata/local/arduino15/packages/arduino/tools/arm-none-eabi-gcc/4.8.3-2014q1/bin/../lib/gcc/arm-none-eabi/4.8.3/../../../../arm-none-eabi/lib/armv6-m/crt0.o (__libc_init_array)
c:/users/petn/appdata/local/arduino15/packages/arduino/tools/arm-none-eabi-gcc/4.8.3-2014q1/bin/../lib/gcc/arm-none-eabi/4.8.3/../../../../arm-none-eabi/lib/armv6-m\libc_s.a(lib_a-memcpy-stub.o)
                              debug/board_driver_usb.o (memcpy)
c:/users/petn/appdata/local/arduino15/packages/arduino/tools/arm-none-eabi-gcc/4.8.3-2014q1/bin/../lib/gcc/arm-none-eabi/4.8.3/../../../../arm-none-eabi/lib/armv6-m\libc_s.a(lib_a-memset.o)
                              c:/users/petn/appdata/local/arduino15/packages/arduino/tools/arm-none-eabi-gcc/4.8.3-2014q1/bin/../lib/gcc/arm-none-eabi/4.8.3/../../../../arm-none-eabi/lib/armv6-m/crt0.o (memset)
c:/users/petn/appdata/local/arduino15/packages/arduino/tools/arm-none-eabi-gcc/4.8.3-2014q1/bin/../lib/gcc/arm-none-eabi/4.8.3/../../../../arm-none-eabi/lib/armv6-m\libc_s.a(lib_a-strlen.o)
                              debug/sam_ba_usb.o (strlen)
c:/users/petn/appdata/local/arduino15/packages/arduino/tools/arm-none-eabi-gcc/4.8.3-2014q1/bin/../lib/gcc/arm-none-eabi/4.8.3/../../../../arm-none-eabi/lib/armv6-m\libnosys.a(_exit.o)
                              c:/users/petn/appdata/local/arduino15/packages/arduino/tools/arm-none-eabi-gcc/4.8.3-2014q1/bin/../lib/gcc/arm-none-eabi/4.8.3/../../../../arm-none-eabi/lib/armv6-m\libc_s.a(lib_a-exit.o) (_exit)

Allocating common symbols
Common symbol       size              file

b_sharp_received    0x1               debug/sam_ba_serial.o
udd_ep_out_cache_buffer
                    0x80              debug/board_driver_usb.o
j                   0x1               debug/sam_ba_monitor.o
udd_ep_in_cache_buffer
                    0x80              debug/board_driver_usb.o
idx_rx_write        0x1               debug/sam_ba_serial.o
size_of_data        0x2               debug/sam_ba_serial.o
length              0x4               debug/sam_ba_monitor.o
ptr                 0x4               debug/sam_ba_monitor.o
command             0x1               debug/sam_ba_monitor.o
pulSketch_Start_Address
                    0x4               debug/main.o
MAX_FLASH           0x4               debug/sam_ba_monitor.o
PAGES               0x4               debug/sam_ba_monitor.o
idx_tx_read         0x1               debug/sam_ba_serial.o
i                   0x4               debug/sam_ba_monitor.o
buffer_tx_usart     0x80              debug/sam_ba_serial.o
sam_ba_cdc          0xc               debug/sam_ba_usb.o
error_timeout       0x1               debug/sam_ba_serial.o
usb_endpoint_table  0x80              debug/board_driver_usb.o
PAGE_SIZE           0x4               debug/sam_ba_monitor.o
data                0x40              debug/sam_ba_monitor.o
mode_of_transfer    0x1               debug/sam_ba_serial.o
ptr_data            0x4               debug/sam_ba_monitor.o
idx_rx_read         0x1               debug/sam_ba_serial.o
ptr_monitor_if      0x4               debug/sam_ba_monitor.o
sp                  0x4               debug/sam_ba_monitor.o
current_number      0x4               debug/sam_ba_monitor.o
idx_tx_write        0x1               debug/sam_ba_serial.o
u32tmp              0x4               debug/sam_ba_monitor.o
buffer_rx_usart     0x80              debug/sam_ba_serial.o

Discarded input sections

 .text          0x00000000        0x0 c:/users/petn/appdata/local/arduino15/packages/arduino/tools/arm-none-eabi-gcc/4.8.3-2014q1/bin/../lib/gcc/arm-none-eabi/4.8.3/armv6-m/crti.o
 .data          0x00000000        0x0 c:/users/petn/appdata/local/arduino15/packages/arduino/tools/arm-none-eabi-gcc/4.8.3-2014q1/bin/../lib/gcc/arm-none-eabi/4.8.3/armv6-m/crti.o
[...]
Memory Configuration

Name             Origin             Length             Attributes
FLASH            0x00000000         0x00002000         xr
RAM              0x20000000         0x00007ffc         xrw
*default*        0x00000000         0xffffffff

Linker script and memory map

LOAD c:/users/petn/appdata/local/arduino15/packages/arduino/tools/arm-none-eabi-gcc/4.8.3-2014q1/bin/../lib/gcc/arm-none-eabi/4.8.3/armv6-m/crti.o
LOAD c:/users/petn/appdata/local/arduino15/packages/arduino/tools/arm-none-eabi-gcc/4.8.3-2014q1/bin/../lib/gcc/arm-none-eabi/4.8.3/armv6-m/crtbegin.o
LOAD c:/users/petn/appdata/local/arduino15/packages/arduino/tools/arm-none-eabi-gcc/4.8.3-2014q1/bin/../lib/gcc/arm-none-eabi/4.8.3/../../../../arm-none-eabi/lib/armv6-m/crt0.o
START GROUP
LOAD debug/board_driver_i2c.o
LOAD debug/board_driver_led.o
LOAD debug/board_driver_pmic.o
LOAD debug/board_driver_serial.o
LOAD debug/board_driver_usb.o
LOAD debug/board_init.o
LOAD debug/board_startup.o
LOAD debug/main.o
LOAD debug/sam_ba_usb.o
LOAD debug/sam_ba_cdc.o
LOAD debug/sam_ba_monitor.o
LOAD debug/sam_ba_serial.o
LOAD c:/users/petn/appdata/local/arduino15/packages/arduino/tools/arm-none-eabi-gcc/4.8.3-2014q1/bin/../lib/gcc/arm-none-eabi/4.8.3/../../../../arm-none-eabi/lib/armv6-m\libm.a
END GROUP
START GROUP
LOAD c:/users/petn/appdata/local/arduino15/packages/arduino/tools/arm-none-eabi-gcc/4.8.3-2014q1/bin/../lib/gcc/arm-none-eabi/4.8.3/armv6-m\libgcc.a
LOAD c:/users/petn/appdata/local/arduino15/packages/arduino/tools/arm-none-eabi-gcc/4.8.3-2014q1/bin/../lib/gcc/arm-none-eabi/4.8.3/../../../../arm-none-eabi/lib/armv6-m\libc_s.a
END GROUP
START GROUP
LOAD c:/users/petn/appdata/local/arduino15/packages/arduino/tools/arm-none-eabi-gcc/4.8.3-2014q1/bin/../lib/gcc/arm-none-eabi/4.8.3/armv6-m\libgcc.a
LOAD c:/users/petn/appdata/local/arduino15/packages/arduino/tools/arm-none-eabi-gcc/4.8.3-2014q1/bin/../lib/gcc/arm-none-eabi/4.8.3/../../../../arm-none-eabi/lib/armv6-m\libc_s.a
LOAD c:/users/petn/appdata/local/arduino15/packages/arduino/tools/arm-none-eabi-gcc/4.8.3-2014q1/bin/../lib/gcc/arm-none-eabi/4.8.3/../../../../arm-none-eabi/lib/armv6-m\libnosys.a
END GROUP
START GROUP
LOAD c:/users/petn/appdata/local/arduino15/packages/arduino/tools/arm-none-eabi-gcc/4.8.3-2014q1/bin/../lib/gcc/arm-none-eabi/4.8.3/armv6-m\libgcc.a
LOAD c:/users/petn/appdata/local/arduino15/packages/arduino/tools/arm-none-eabi-gcc/4.8.3-2014q1/bin/../lib/gcc/arm-none-eabi/4.8.3/../../../../arm-none-eabi/lib/armv6-m\libc_s.a
LOAD c:/users/petn/appdata/local/arduino15/packages/arduino/tools/arm-none-eabi-gcc/4.8.3-2014q1/bin/../lib/gcc/arm-none-eabi/4.8.3/../../../../arm-none-eabi/lib/armv6-m\libnosys.a
END GROUP
LOAD c:/users/petn/appdata/local/arduino15/packages/arduino/tools/arm-none-eabi-gcc/4.8.3-2014q1/bin/../lib/gcc/arm-none-eabi/4.8.3/armv6-m/crtend.o
LOAD c:/users/petn/appdata/local/arduino15/packages/arduino/tools/arm-none-eabi-gcc/4.8.3-2014q1/bin/../lib/gcc/arm-none-eabi/4.8.3/armv6-m/crtn.o
                0x00000000                . = ORIGIN (FLASH)

.vectors        0x00000000       0x40
 *(.isr_vector)
 .isr_vector    0x00000000       0x40 debug/board_startup.o
                0x00000000                exception_table

.text           0x00000040     0x1768
 *(.text*)
 .text          0x00000040       0x60 c:/users/petn/appdata/local/arduino15/packages/arduino/tools/arm-none-eabi-gcc/4.8.3-2014q1/bin/../lib/gcc/arm-none-eabi/4.8.3/armv6-m/crtbegin.o
 .text.LED_pulse
                0x000000a0       0x78 debug/board_driver_led.o
                0x000000a0                LED_pulse
 .text.USB_IsConfigured
                0x00000118       0x90 debug/board_driver_usb.o
                0x00000118                USB_IsConfigured
 .text.USB_Open
                0x000001a8       0x1c debug/board_driver_usb.o
                0x000001a8                USB_Open
 .text.USB_Init
                0x000001c4      0x10c debug/board_driver_usb.o
                0x000001c4                USB_Init
 .text.USB_Write
                0x000002d0       0xa8 debug/board_driver_usb.o
                0x000002d0                USB_Write
 .text.USB_Read
                0x00000378       0x84 debug/board_driver_usb.o
                0x00000378                USB_Read
 .text.USB_SendStall
                0x000003fc       0x20 debug/board_driver_usb.o
                0x000003fc                USB_SendStall
 .text.USB_SendZlp
                0x0000041c       0x34 debug/board_driver_usb.o
                0x0000041c                USB_SendZlp
 .text.USB_SetAddress
                0x00000450        0xc debug/board_driver_usb.o
                0x00000450                USB_SetAddress
 .text.USB_Configure
                0x0000045c       0x68 debug/board_driver_usb.o
                0x0000045c                USB_Configure
 .text.board_init
                0x000004c4      0x128 debug/board_init.o
                0x000004c4                board_init
 .text.NMI_Handler
                0x000005ec        0x4 debug/board_startup.o
                0x000005ec                NMI_Handler
 .text.HardFault_Handler
                0x000005f0        0x4 debug/board_startup.o
                0x000005f0                HardFault_Handler
 .text.SVC_Handler
                0x000005f4        0x4 debug/board_startup.o
                0x000005f4                SVC_Handler
 .text.PendSV_Handler
                0x000005f8        0x4 debug/board_startup.o
                0x000005f8                PendSV_Handler
 .text.Reset_Handler
                0x000005fc       0x80 debug/board_startup.o
                0x000005fc                Reset_Handler
 .text.main     0x0000067c       0xec debug/main.o
                0x0000067c                main
 .text.SysTick_Handler
                0x00000768        0xc debug/main.o
                0x00000768                SysTick_Handler
 .text.usb_init
                0x00000774       0x20 debug/sam_ba_usb.o
                0x00000774                usb_init
 .text.USB_SendString
                0x00000794       0x58 debug/sam_ba_usb.o
                0x00000794                USB_SendString
 .text.sam_ba_usb_CDC_Enumerate
                0x000007ec      0x4a8 debug/sam_ba_usb.o
                0x000007ec                sam_ba_usb_CDC_Enumerate
 .text.cdc_putc
                0x00000c94       0x20 debug/sam_ba_cdc.o
                0x00000c94                cdc_putc
 .text.cdc_getc
                0x00000cb4       0x20 debug/sam_ba_cdc.o
                0x00000cb4                cdc_getc
 .text.cdc_is_rx_ready
                0x00000cd4       0x24 debug/sam_ba_cdc.o
                0x00000cd4                cdc_is_rx_ready
 .text.cdc_write_buf
                0x00000cf8       0x1c debug/sam_ba_cdc.o
                0x00000cf8                cdc_write_buf
 .text.cdc_read_buf
                0x00000d14       0x28 debug/sam_ba_cdc.o
                0x00000d14                cdc_read_buf
 .text.cdc_read_buf_xmd
                0x00000d3c       0x3c debug/sam_ba_cdc.o
                0x00000d3c                cdc_read_buf_xmd
 .text.sam_ba_putdata
                0x00000d78       0x18 debug/sam_ba_monitor.o
 .text.sam_ba_monitor_init
                0x00000d90       0x14 debug/sam_ba_monitor.o
                0x00000d90                sam_ba_monitor_init
 .text.sam_ba_putdata_term
                0x00000da4       0xa4 debug/sam_ba_monitor.o
                0x00000da4                sam_ba_putdata_term
 .text.call_applet
                0x00000e48       0x1c debug/sam_ba_monitor.o
                0x00000e48                call_applet
 .text.sam_ba_monitor_sys_tick
                0x00000e64       0x34 debug/sam_ba_monitor.o
                0x00000e64                sam_ba_monitor_sys_tick
 .text.sam_ba_monitor_run
                0x00000e98      0x5cc debug/sam_ba_monitor.o
                0x00000e98                sam_ba_monitor_run
 .text.serial_add_crc
                0x00001464       0x18 debug/sam_ba_serial.o
                0x00001464                serial_add_crc
 .text.memcpy   0x0000147c       0x12 c:/users/petn/appdata/local/arduino15/packages/arduino/tools/arm-none-eabi-gcc/4.8.3-2014q1/bin/../lib/gcc/arm-none-eabi/4.8.3/../../../../arm-none-eabi/lib/armv6-m\libc_s.a(lib_a-memcpy-stub.o)
                0x0000147c                memcpy
 .text.memset   0x0000148e       0x10 c:/users/petn/appdata/local/arduino15/packages/arduino/tools/arm-none-eabi-gcc/4.8.3-2014q1/bin/../lib/gcc/arm-none-eabi/4.8.3/../../../../arm-none-eabi/lib/armv6-m\libc_s.a(lib_a-memset.o)
                0x0000148e                memset
 .text.strlen   0x0000149e        0xe c:/users/petn/appdata/local/arduino15/packages/arduino/tools/arm-none-eabi-gcc/4.8.3-2014q1/bin/../lib/gcc/arm-none-eabi/4.8.3/../../../../arm-none-eabi/lib/armv6-m\libc_s.a(lib_a-strlen.o)
                0x0000149e                strlen
 *(.init)
 .init          0x000014ac        0x4 c:/users/petn/appdata/local/arduino15/packages/arduino/tools/arm-none-eabi-gcc/4.8.3-2014q1/bin/../lib/gcc/arm-none-eabi/4.8.3/armv6-m/crti.o
                0x000014ac                _init
 .init          0x000014b0        0x8 c:/users/petn/appdata/local/arduino15/packages/arduino/tools/arm-none-eabi-gcc/4.8.3-2014q1/bin/../lib/gcc/arm-none-eabi/4.8.3/armv6-m/crtn.o
 *(.fini)
 .fini          0x000014b8        0x4 c:/users/petn/appdata/local/arduino15/packages/arduino/tools/arm-none-eabi-gcc/4.8.3-2014q1/bin/../lib/gcc/arm-none-eabi/4.8.3/armv6-m/crti.o
                0x000014b8                _fini
 .fini          0x000014bc        0x8 c:/users/petn/appdata/local/arduino15/packages/arduino/tools/arm-none-eabi-gcc/4.8.3-2014q1/bin/../lib/gcc/arm-none-eabi/4.8.3/armv6-m/crtn.o
 *crtbegin.o(.ctors)
 *crtbegin?.o(.ctors)
 *(EXCLUDE_FILE(*crtend.o *crtend?.o) .ctors)
 *(SORT(.ctors.*))
 *(.ctors)
 *crtbegin.o(.dtors)
 *crtbegin?.o(.dtors)
 *(EXCLUDE_FILE(*crtend.o *crtend?.o) .dtors)
 *(SORT(.dtors.*))
 *(.dtors)
 *(.rodata*)
 .rodata        0x000014c4        0x4 debug/sam_ba_usb.o
 .rodata.str1.4
                0x000014c8       0x3e debug/sam_ba_usb.o
                                 0x40 (size before relaxing)
 *fill*         0x00001506        0x2 
 .rodata.devDescriptor
                0x00001508       0x14 debug/sam_ba_usb.o
 .rodata        0x0000151c       0x20 debug/sam_ba_monitor.o
 .rodata.RomBOOT_Version
                0x0000153c        0x4 debug/sam_ba_monitor.o
                0x0000153c                RomBOOT_Version
 .rodata.str1.4
                0x00001540       0x38 debug/sam_ba_monitor.o
 .rodata.usbcdc_if
                0x00001578       0x1c debug/sam_ba_monitor.o
                0x00001578                usbcdc_if
 .rodata.RomBOOT_ExtendedCapabilities
                0x00001594       0x10 debug/sam_ba_monitor.o
                0x00001594                RomBOOT_ExtendedCapabilities
 .rodata.crc16Table
                0x000015a4      0x200 debug/sam_ba_serial.o
 *(.eh_frame*)
 .eh_frame      0x000017a4        0x0 c:/users/petn/appdata/local/arduino15/packages/arduino/tools/arm-none-eabi-gcc/4.8.3-2014q1/bin/../lib/gcc/arm-none-eabi/4.8.3/armv6-m/crtbegin.o
 .eh_frame      0x000017a4        0x4 c:/users/petn/appdata/local/arduino15/packages/arduino/tools/arm-none-eabi-gcc/4.8.3-2014q1/bin/../lib/gcc/arm-none-eabi/4.8.3/armv6-m/crtend.o

.glue_7         0x000017a8        0x0
 .glue_7        0x00000000        0x0 linker stubs

.glue_7t        0x000017a8        0x0
 .glue_7t       0x00000000        0x0 linker stubs

.vfp11_veneer   0x000017a8        0x0
 .vfp11_veneer  0x00000000        0x0 linker stubs

.v4_bx          0x000017a8        0x0
 .v4_bx         0x00000000        0x0 linker stubs

.iplt           0x000017a8        0x0
 .iplt          0x00000000        0x0 c:/users/petn/appdata/local/arduino15/packages/arduino/tools/arm-none-eabi-gcc/4.8.3-2014q1/bin/../lib/gcc/arm-none-eabi/4.8.3/armv6-m/crtbegin.o

.rel.dyn        0x000017a8        0x0
 .rel.iplt      0x00000000        0x0 c:/users/petn/appdata/local/arduino15/packages/arduino/tools/arm-none-eabi-gcc/4.8.3-2014q1/bin/../lib/gcc/arm-none-eabi/4.8.3/armv6-m/crtbegin.o

.ARM.extab
 *(.ARM.extab* .gnu.linkonce.armextab.*)
                0x000017a8                __exidx_start = .

.ARM.exidx
 *(.ARM.exidx* .gnu.linkonce.armexidx.*)
                0x000017a8                __exidx_end = .
                0x000017a8                __etext = .
                0x00002000                PROVIDE (__sketch_vectors_ptr, (ORIGIN (FLASH) + 0x2000))

.data           0x20000000       0x5c load address 0x000017a8
                0x20000000                __data_start__ = .
 *(vtable)
 *(.data*)
 .data.ledDirection
                0x20000000        0x1 debug/board_driver_led.o
                0x20000000                ledDirection
 .data.ledTargetValue
                0x20000001        0x1 debug/board_driver_led.o
                0x20000001                ledTargetValue
 *fill*         0x20000002        0x2 
 .data.cfgDescriptor
                0x20000004       0x44 debug/sam_ba_usb.o
 .data.line_coding
                0x20000048        0x8 debug/sam_ba_cdc.o
                0x20000048                line_coding
                0x20000050                . = ALIGN (0x4)
                0x20000050                PROVIDE (__preinit_array_start, .)
 *(.preinit_array)
                0x20000050                PROVIDE (__preinit_array_end, .)
                0x20000050                . = ALIGN (0x4)
                0x20000050                PROVIDE (__init_array_start, .)
 *(SORT(.init_array.*))
 *(.init_array)
 .init_array    0x20000050        0x4 c:/users/petn/appdata/local/arduino15/packages/arduino/tools/arm-none-eabi-gcc/4.8.3-2014q1/bin/../lib/gcc/arm-none-eabi/4.8.3/armv6-m/crtbegin.o
                0x20000054                PROVIDE (__init_array_end, .)
                0x20000054                . = ALIGN (0x4)
                0x20000054                PROVIDE (__fini_array_start, .)
 *(SORT(.fini_array.*))
 *(.fini_array)
 .fini_array    0x20000054        0x4 c:/users/petn/appdata/local/arduino15/packages/arduino/tools/arm-none-eabi-gcc/4.8.3-2014q1/bin/../lib/gcc/arm-none-eabi/4.8.3/armv6-m/crtbegin.o
                0x20000058                PROVIDE (__fini_array_end, .)
 *(.jcr*)
 .jcr           0x20000058        0x0 c:/users/petn/appdata/local/arduino15/packages/arduino/tools/arm-none-eabi-gcc/4.8.3-2014q1/bin/../lib/gcc/arm-none-eabi/4.8.3/armv6-m/crtbegin.o
 .jcr           0x20000058        0x4 c:/users/petn/appdata/local/arduino15/packages/arduino/tools/arm-none-eabi-gcc/4.8.3-2014q1/bin/../lib/gcc/arm-none-eabi/4.8.3/armv6-m/crtend.o
                0x2000005c                . = ALIGN (0x4)
                0x2000005c                __data_end__ = .

.igot.plt       0x2000005c        0x0 load address 0x00001804
 .igot.plt      0x00000000        0x0 c:/users/petn/appdata/local/arduino15/packages/arduino/tools/arm-none-eabi-gcc/4.8.3-2014q1/bin/../lib/gcc/arm-none-eabi/4.8.3/armv6-m/crtbegin.o

.bss            0x2000005c      0x240 load address 0x00001804
                0x2000005c                . = ALIGN (0x4)
                0x2000005c                __bss_start__ = .
 *(.bss*)
 .bss           0x2000005c       0x1c c:/users/petn/appdata/local/arduino15/packages/arduino/tools/arm-none-eabi-gcc/4.8.3-2014q1/bin/../lib/gcc/arm-none-eabi/4.8.3/armv6-m/crtbegin.o
 .bss.ledKeepValue
                0x20000078        0x1 debug/board_driver_led.o
                0x20000078                ledKeepValue
 .bss.read_job  0x20000079        0x1 debug/board_driver_usb.o
 .bss.main_b_cdc_enable
                0x2000007a        0x1 debug/main.o
 .bss.dir.10339
                0x2000007b        0x1 debug/sam_ba_usb.o
 .bss.bmRequestType.10337
                0x2000007c        0x1 debug/sam_ba_usb.o
 *fill*         0x2000007d        0x1 
 .bss.wStatus.10343
                0x2000007e        0x2 debug/sam_ba_usb.o
 .bss.wLength.10342
                0x20000080        0x2 debug/sam_ba_usb.o
 .bss.bRequest.10338
                0x20000082        0x1 debug/sam_ba_usb.o
 *fill*         0x20000083        0x1 
 .bss.wValue.10340
                0x20000084        0x2 debug/sam_ba_usb.o
 .bss.wIndex.10341
                0x20000086        0x2 debug/sam_ba_usb.o
 .bss.b_terminal_mode
                0x20000088        0x1 debug/sam_ba_monitor.o
                0x20000088                b_terminal_mode
 *fill*         0x20000089        0x1 
 .bss.rxLEDPulse
                0x2000008a        0x2 debug/sam_ba_monitor.o
                0x2000008a                rxLEDPulse
 .bss.txLEDPulse
                0x2000008c        0x2 debug/sam_ba_monitor.o
                0x2000008c                txLEDPulse
 *fill*         0x2000008e        0x2 
 .bss.src_buff_addr.11267
                0x20000090        0x4 debug/sam_ba_monitor.o
 .bss.b_sam_ba_interface_usart
                0x20000094        0x1 debug/sam_ba_monitor.o
                0x20000094                b_sam_ba_interface_usart
 *(COMMON)
 *fill*         0x20000095        0x3 
 COMMON         0x20000098      0x180 debug/board_driver_usb.o
                0x20000098                udd_ep_out_cache_buffer
                0x20000118                udd_ep_in_cache_buffer
                0x20000198                usb_endpoint_table
 COMMON         0x20000218        0x4 debug/main.o
                0x20000218                pulSketch_Start_Address
 COMMON         0x2000021c        0xc debug/sam_ba_usb.o
                0x2000021c                sam_ba_cdc
 COMMON         0x20000228       0x74 debug/sam_ba_monitor.o
                0x20000228                j
                0x2000022c                length
                0x20000230                ptr
                0x20000234                command
                0x20000238                MAX_FLASH
                0x2000023c                PAGES
                0x20000240                i
                0x20000244                PAGE_SIZE
                0x20000248                data
                0x20000288                ptr_data
                0x2000028c                ptr_monitor_if
                0x20000290                sp
                0x20000294                current_number
                0x20000298                u32tmp
                0x2000029c                . = ALIGN (0x4)
                0x2000029c                __bss_end__ = .

.heap           0x2000029c        0x0
                0x2000029c                __end__ = .
                0x2000029c                PROVIDE (end, .)
 *(.heap*)
                0x2000029c                __HeapLimit = .

.stack_dummy    0x2000029c        0x0
 *(.stack*)
                0x20007ffc                __StackTop = (ORIGIN (RAM) + 0x7ffc)
                0x20007ffc                __StackLimit = (__StackTop - SIZEOF (.stack_dummy))
                0x20007ffc                PROVIDE (__stack, __StackTop)
                0x20007ffb                __ram_end__ = ((ORIGIN (RAM) + 0x7ffc) - 0x1)
                0x00000001                ASSERT ((__StackLimit >= __HeapLimit), region RAM overflowed with stack)
OUTPUT(debug/uChip_samd21_sam_ba.elf elf32-littlearm)

.ARM.attributes
                0x00000000       0x28
 .ARM.attributes
                0x00000000       0x1e c:/users/petn/appdata/local/arduino15/packages/arduino/tools/arm-none-eabi-gcc/4.8.3-2014q1/bin/../lib/gcc/arm-none-eabi/4.8.3/armv6-m/crti.o
 .ARM.attributes
                0x0000001e       0x2c c:/users/petn/appdata/local/arduino15/packages/arduino/tools/arm-none-eabi-gcc/4.8.3-2014q1/bin/../lib/gcc/arm-none-eabi/4.8.3/armv6-m/crtbegin.o
 .ARM.attributes
                0x0000004a       0x32 debug/board_driver_led.o
 .ARM.attributes
                0x0000007c       0x32 debug/board_driver_usb.o
 .ARM.attributes
                0x000000ae       0x32 debug/board_init.o
 .ARM.attributes
                0x000000e0       0x32 debug/board_startup.o
 .ARM.attributes
                0x00000112       0x32 debug/main.o
 .ARM.attributes
                0x00000144       0x32 debug/sam_ba_usb.o
 .ARM.attributes
                0x00000176       0x32 debug/sam_ba_cdc.o
 .ARM.attributes
                0x000001a8       0x32 debug/sam_ba_monitor.o
 .ARM.attributes
                0x000001da       0x32 debug/sam_ba_serial.o
 .ARM.attributes
                0x0000020c       0x2c c:/users/petn/appdata/local/arduino15/packages/arduino/tools/arm-none-eabi-gcc/4.8.3-2014q1/bin/../lib/gcc/arm-none-eabi/4.8.3/../../../../arm-none-eabi/lib/armv6-m\libc_s.a(lib_a-memcpy-stub.o)
 .ARM.attributes
                0x00000238       0x2c c:/users/petn/appdata/local/arduino15/packages/arduino/tools/arm-none-eabi-gcc/4.8.3-2014q1/bin/../lib/gcc/arm-none-eabi/4.8.3/../../../../arm-none-eabi/lib/armv6-m\libc_s.a(lib_a-memset.o)
 .ARM.attributes
                0x00000264       0x2c c:/users/petn/appdata/local/arduino15/packages/arduino/tools/arm-none-eabi-gcc/4.8.3-2014q1/bin/../lib/gcc/arm-none-eabi/4.8.3/../../../../arm-none-eabi/lib/armv6-m\libc_s.a(lib_a-strlen.o)
 .ARM.attributes
                0x00000290       0x2c c:/users/petn/appdata/local/arduino15/packages/arduino/tools/arm-none-eabi-gcc/4.8.3-2014q1/bin/../lib/gcc/arm-none-eabi/4.8.3/armv6-m/crtend.o
 .ARM.attributes
                0x000002bc       0x1e c:/users/petn/appdata/local/arduino15/packages/arduino/tools/arm-none-eabi-gcc/4.8.3-2014q1/bin/../lib/gcc/arm-none-eabi/4.8.3/armv6-m/crtn.o

.comment        0x00000000       0x70
 .comment       0x00000000       0x70 debug/board_driver_led.o
                                 0x71 (size before relaxing)
 .comment       0x00000000       0x71 debug/board_driver_usb.o
 .comment       0x00000000       0x71 debug/board_init.o
 .comment       0x00000000       0x71 debug/board_startup.o
 .comment       0x00000000       0x71 debug/main.o
 .comment       0x00000000       0x71 debug/sam_ba_usb.o
 .comment       0x00000000       0x71 debug/sam_ba_cdc.o
 .comment       0x00000000       0x71 debug/sam_ba_monitor.o
 .comment       0x00000000       0x71 debug/sam_ba_serial.o

.debug_info     0x00000000    0x1180d
 .debug_info    0x00000000      0x70a debug/board_driver_led.o
 .debug_info    0x0000070a     0x3405 debug/board_driver_usb.o
 .debug_info    0x00003b0f     0x1eea debug/board_init.o
 .debug_info    0x000059f9      0x246 debug/board_startup.o
 .debug_info    0x00005c3f     0x310c debug/main.o
 .debug_info    0x00008d4b     0x246b debug/sam_ba_usb.o
 .debug_info    0x0000b1b6     0x20ea debug/sam_ba_cdc.o
 .debug_info    0x0000d2a0     0x10a3 debug/sam_ba_monitor.o
 .debug_info    0x0000e343     0x34ca debug/sam_ba_serial.o

.debug_abbrev   0x00000000     0x16fc
 .debug_abbrev  0x00000000      0x168 debug/board_driver_led.o
 .debug_abbrev  0x00000168      0x2b2 debug/board_driver_usb.o
 .debug_abbrev  0x0000041a      0x13d debug/board_init.o
 .debug_abbrev  0x00000557       0xf0 debug/board_startup.o
 .debug_abbrev  0x00000647      0x3b3 debug/main.o
 .debug_abbrev  0x000009fa      0x2e3 debug/sam_ba_usb.o
 .debug_abbrev  0x00000cdd      0x25a debug/sam_ba_cdc.o
 .debug_abbrev  0x00000f37      0x41e debug/sam_ba_monitor.o
 .debug_abbrev  0x00001355      0x3a7 debug/sam_ba_serial.o

.debug_aranges  0x00000000      0x250
 .debug_aranges
                0x00000000       0x20 debug/board_driver_led.o
 .debug_aranges
                0x00000020       0x68 debug/board_driver_usb.o
 .debug_aranges
                0x00000088       0x20 debug/board_init.o
 .debug_aranges
                0x000000a8       0x40 debug/board_startup.o
 .debug_aranges
                0x000000e8       0x28 debug/main.o
 .debug_aranges
                0x00000110       0x30 debug/sam_ba_usb.o
 .debug_aranges
                0x00000140       0x48 debug/sam_ba_cdc.o
 .debug_aranges
                0x00000188       0x48 debug/sam_ba_monitor.o
 .debug_aranges
                0x000001d0       0x80 debug/sam_ba_serial.o

.debug_ranges   0x00000000      0x230
 .debug_ranges  0x00000000       0x10 debug/board_driver_led.o
 .debug_ranges  0x00000010       0x58 debug/board_driver_usb.o
 .debug_ranges  0x00000068       0x10 debug/board_init.o
 .debug_ranges  0x00000078       0x30 debug/board_startup.o
 .debug_ranges  0x000000a8       0x18 debug/main.o
 .debug_ranges  0x000000c0       0x20 debug/sam_ba_usb.o
 .debug_ranges  0x000000e0       0x38 debug/sam_ba_cdc.o
 .debug_ranges  0x00000118       0x90 debug/sam_ba_monitor.o
 .debug_ranges  0x000001a8       0x88 debug/sam_ba_serial.o

.debug_macro    0x00000000     0x27ef
 .debug_macro   0x00000000      0x2ff debug/board_driver_led.o
 .debug_macro   0x000002ff      0x3d2 debug/board_driver_usb.o
 .debug_macro   0x000006d1      0x166 debug/board_driver_usb.o
 .debug_macro   0x00000837      0x2a6 debug/board_driver_usb.o
 .debug_macro   0x00000add       0x10 debug/board_driver_usb.o
 .debug_macro   0x00000aed       0x35 debug/board_driver_usb.o
 .debug_macro   0x00000b22       0x1f debug/board_driver_usb.o
 .debug_macro   0x00000b41       0x40 debug/board_driver_usb.o
 .debug_macro   0x00000b81       0xee debug/board_driver_usb.o
 .debug_macro   0x00000c6f       0x16 debug/board_driver_usb.o
 .debug_macro   0x00000c85      0x313 debug/board_init.o
 .debug_macro   0x00000f98      0x2e2 debug/board_startup.o
 .debug_macro   0x0000127a      0x420 debug/main.o
 .debug_macro   0x0000169a       0x3a debug/main.o
 .debug_macro   0x000016d4       0x46 debug/main.o
 .debug_macro   0x0000171a       0xf4 debug/main.o
 .debug_macro   0x0000180e       0x1c debug/main.o
 .debug_macro   0x0000182a      0x3ce debug/sam_ba_usb.o
 .debug_macro   0x00001bf8       0x8e debug/sam_ba_usb.o
 .debug_macro   0x00001c86      0x313 debug/sam_ba_cdc.o
 .debug_macro   0x00001f99      0x44f debug/sam_ba_monitor.o
 .debug_macro   0x000023e8       0x1c debug/sam_ba_monitor.o
 .debug_macro   0x00002404      0x3eb debug/sam_ba_serial.o

.debug_line     0x00000000     0x5512
 .debug_line    0x00000000      0x81e debug/board_driver_led.o
 .debug_line    0x0000081e      0xa53 debug/board_driver_usb.o
 .debug_line    0x00001271      0x86c debug/board_init.o
 .debug_line    0x00001add      0x82c debug/board_startup.o
 .debug_line    0x00002309      0x96b debug/main.o
 .debug_line    0x00002c74      0xa1f debug/sam_ba_usb.o
 .debug_line    0x00003693      0x865 debug/sam_ba_cdc.o
 .debug_line    0x00003ef8      0xb89 debug/sam_ba_monitor.o
 .debug_line    0x00004a81      0xa91 debug/sam_ba_serial.o

.debug_str      0x00000000    0x6fe09
 .debug_str     0x00000000    0x6a2c4 debug/board_driver_led.o
                              0x6a5d9 (size before relaxing)
 .debug_str     0x0006a2c4     0x36be debug/board_driver_usb.o
                              0x6da73 (size before relaxing)
 .debug_str     0x0006d982      0x575 debug/board_init.o
                              0x6acfd (size before relaxing)
 .debug_str     0x0006def7      0x178 debug/board_startup.o
                              0x6a271 (size before relaxing)
 .debug_str     0x0006e06f     0x1063 debug/main.o
                              0x6db2f (size before relaxing)
 .debug_str     0x0006f0d2      0x1b0 debug/sam_ba_usb.o
                              0x6d836 (size before relaxing)
 .debug_str     0x0006f282       0x87 debug/sam_ba_cdc.o
                              0x6af11 (size before relaxing)
 .debug_str     0x0006f309      0x26f debug/sam_ba_monitor.o
                              0x6dffb (size before relaxing)
 .debug_str     0x0006f578      0x891 debug/sam_ba_serial.o
                              0x6d3f3 (size before relaxing)

.debug_frame    0x00000000      0x578
 .debug_frame   0x00000000       0x20 debug/board_driver_led.o
 .debug_frame   0x00000020      0x100 debug/board_driver_usb.o
 .debug_frame   0x00000120       0x20 debug/board_init.o
 .debug_frame   0x00000140       0x68 debug/board_startup.o
 .debug_frame   0x000001a8       0x44 debug/main.o
 .debug_frame   0x000001ec       0x68 debug/sam_ba_usb.o
 .debug_frame   0x00000254       0xb0 debug/sam_ba_cdc.o
 .debug_frame   0x00000304       0xa4 debug/sam_ba_monitor.o
 .debug_frame   0x000003a8      0x168 debug/sam_ba_serial.o
 .debug_frame   0x00000510       0x28 c:/users/petn/appdata/local/arduino15/packages/arduino/tools/arm-none-eabi-gcc/4.8.3-2014q1/bin/../lib/gcc/arm-none-eabi/4.8.3/../../../../arm-none-eabi/lib/armv6-m\libc_s.a(lib_a-memcpy-stub.o)
 .debug_frame   0x00000538       0x20 c:/users/petn/appdata/local/arduino15/packages/arduino/tools/arm-none-eabi-gcc/4.8.3-2014q1/bin/../lib/gcc/arm-none-eabi/4.8.3/../../../../arm-none-eabi/lib/armv6-m\libc_s.a(lib_a-memset.o)
 .debug_frame   0x00000558       0x20 c:/users/petn/appdata/local/arduino15/packages/arduino/tools/arm-none-eabi-gcc/4.8.3-2014q1/bin/../lib/gcc/arm-none-eabi/4.8.3/../../../../arm-none-eabi/lib/armv6-m\libc_s.a(lib_a-strlen.o)

.debug_loc      0x00000000     0x13da
 .debug_loc     0x00000000      0x366 debug/board_driver_usb.o
 .debug_loc     0x00000366       0x69 debug/board_startup.o
 .debug_loc     0x000003cf       0x8a debug/main.o
 .debug_loc     0x00000459      0x13b debug/sam_ba_usb.o
 .debug_loc     0x00000594      0x1c5 debug/sam_ba_cdc.o
 .debug_loc     0x00000759      0x545 debug/sam_ba_monitor.o
 .debug_loc     0x00000c9e      0x73c debug/sam_ba_serial.o

Cross Reference Table

Symbol                                            File
HardFault_Handler                                 debug/board_startup.o
LED_pulse                                         debug/board_driver_led.o
                                                  debug/main.o
MAX_FLASH                                         debug/sam_ba_monitor.o
NMI_Handler                                       debug/board_startup.o
PAGES                                             debug/sam_ba_monitor.o
PAGE_SIZE                                         debug/sam_ba_monitor.o
PendSV_Handler                                    debug/board_startup.o
Reset_Handler                                     debug/board_startup.o
RomBOOT_ExtendedCapabilities                      debug/sam_ba_monitor.o
RomBOOT_Version                                   debug/sam_ba_monitor.o
SVC_Handler                                       debug/board_startup.o
SysTick_Handler                                   debug/main.o
                                                  debug/board_startup.o
USB_Configure                                     debug/board_driver_usb.o
                                                  debug/sam_ba_usb.o
USB_Init                                          debug/board_driver_usb.o
                                                  debug/sam_ba_usb.o
USB_IsConfigured                                  debug/board_driver_usb.o
                                                  debug/sam_ba_cdc.o
USB_Open                                          debug/board_driver_usb.o
                                                  debug/sam_ba_usb.o
USB_Read                                          debug/board_driver_usb.o
                                                  debug/sam_ba_cdc.o
USB_Read_blocking                                 debug/board_driver_usb.o
USB_SendStall                                     debug/board_driver_usb.o
                                                  debug/sam_ba_usb.o
USB_SendString                                    debug/sam_ba_usb.o
USB_SendZlp                                       debug/board_driver_usb.o
                                                  debug/sam_ba_usb.o
USB_SetAddress                                    debug/board_driver_usb.o
                                                  debug/sam_ba_usb.o
USB_Write                                         debug/board_driver_usb.o
                                                  debug/sam_ba_cdc.o
                                                  debug/sam_ba_usb.o
_Jv_RegisterClasses                               c:/users/petn/appdata/local/arduino15/packages/arduino/tools/arm-none-eabi-gcc/4.8.3-2014q1/bin/../lib/gcc/arm-none-eabi/4.8.3/armv6-m/crtbegin.o
__StackTop                                        debug/board_startup.o
__bss_end__                                       debug/board_startup.o
                                                  c:/users/petn/appdata/local/arduino15/packages/arduino/tools/arm-none-eabi-gcc/4.8.3-2014q1/bin/../lib/gcc/arm-none-eabi/4.8.3/../../../../arm-none-eabi/lib/armv6-m/crt0.o
__bss_start__                                     debug/board_startup.o
                                                  c:/users/petn/appdata/local/arduino15/packages/arduino/tools/arm-none-eabi-gcc/4.8.3-2014q1/bin/../lib/gcc/arm-none-eabi/4.8.3/../../../../arm-none-eabi/lib/armv6-m/crt0.o
__call_exitprocs                                  c:/users/petn/appdata/local/arduino15/packages/arduino/tools/arm-none-eabi-gcc/4.8.3-2014q1/bin/../lib/gcc/arm-none-eabi/4.8.3/../../../../arm-none-eabi/lib/armv6-m\libc_s.a(lib_a-exit.o)
__data_end__                                      debug/board_startup.o
__data_start__                                    debug/board_startup.o
__deregister_frame_info                           c:/users/petn/appdata/local/arduino15/packages/arduino/tools/arm-none-eabi-gcc/4.8.3-2014q1/bin/../lib/gcc/arm-none-eabi/4.8.3/armv6-m/crtbegin.o
__dso_handle                                      c:/users/petn/appdata/local/arduino15/packages/arduino/tools/arm-none-eabi-gcc/4.8.3-2014q1/bin/../lib/gcc/arm-none-eabi/4.8.3/armv6-m/crtbegin.o
__etext                                           debug/board_startup.o
__init_array_end                                  c:/users/petn/appdata/local/arduino15/packages/arduino/tools/arm-none-eabi-gcc/4.8.3-2014q1/bin/../lib/gcc/arm-none-eabi/4.8.3/../../../../arm-none-eabi/lib/armv6-m\libc_s.a(lib_a-init.o)
__init_array_start                                c:/users/petn/appdata/local/arduino15/packages/arduino/tools/arm-none-eabi-gcc/4.8.3-2014q1/bin/../lib/gcc/arm-none-eabi/4.8.3/../../../../arm-none-eabi/lib/armv6-m\libc_s.a(lib_a-init.o)
__libc_fini_array                                 c:/users/petn/appdata/local/arduino15/packages/arduino/tools/arm-none-eabi-gcc/4.8.3-2014q1/bin/../lib/gcc/arm-none-eabi/4.8.3/../../../../arm-none-eabi/lib/armv6-m/crt0.o
__libc_init_array                                 c:/users/petn/appdata/local/arduino15/packages/arduino/tools/arm-none-eabi-gcc/4.8.3-2014q1/bin/../lib/gcc/arm-none-eabi/4.8.3/../../../../arm-none-eabi/lib/armv6-m\libc_s.a(lib_a-init.o)
                                                  c:/users/petn/appdata/local/arduino15/packages/arduino/tools/arm-none-eabi-gcc/4.8.3-2014q1/bin/../lib/gcc/arm-none-eabi/4.8.3/../../../../arm-none-eabi/lib/armv6-m/crt0.o
__preinit_array_end                               c:/users/petn/appdata/local/arduino15/packages/arduino/tools/arm-none-eabi-gcc/4.8.3-2014q1/bin/../lib/gcc/arm-none-eabi/4.8.3/../../../../arm-none-eabi/lib/armv6-m\libc_s.a(lib_a-init.o)
__preinit_array_start                             c:/users/petn/appdata/local/arduino15/packages/arduino/tools/arm-none-eabi-gcc/4.8.3-2014q1/bin/../lib/gcc/arm-none-eabi/4.8.3/../../../../arm-none-eabi/lib/armv6-m\libc_s.a(lib_a-init.o)
__register_frame_info                             c:/users/petn/appdata/local/arduino15/packages/arduino/tools/arm-none-eabi-gcc/4.8.3-2014q1/bin/../lib/gcc/arm-none-eabi/4.8.3/armv6-m/crtbegin.o
__sf_fake_stderr                                  c:/users/petn/appdata/local/arduino15/packages/arduino/tools/arm-none-eabi-gcc/4.8.3-2014q1/bin/../lib/gcc/arm-none-eabi/4.8.3/../../../../arm-none-eabi/lib/armv6-m\libc_s.a(lib_a-impure.o)
__sf_fake_stdin                                   c:/users/petn/appdata/local/arduino15/packages/arduino/tools/arm-none-eabi-gcc/4.8.3-2014q1/bin/../lib/gcc/arm-none-eabi/4.8.3/../../../../arm-none-eabi/lib/armv6-m\libc_s.a(lib_a-impure.o)
__sf_fake_stdout                                  c:/users/petn/appdata/local/arduino15/packages/arduino/tools/arm-none-eabi-gcc/4.8.3-2014q1/bin/../lib/gcc/arm-none-eabi/4.8.3/../../../../arm-none-eabi/lib/armv6-m\libc_s.a(lib_a-impure.o)
__sketch_vectors_ptr                              debug/main.o
__stack                                           c:/users/petn/appdata/local/arduino15/packages/arduino/tools/arm-none-eabi-gcc/4.8.3-2014q1/bin/../lib/gcc/arm-none-eabi/4.8.3/../../../../arm-none-eabi/lib/armv6-m/crt0.o
_exit                                             c:/users/petn/appdata/local/arduino15/packages/arduino/tools/arm-none-eabi-gcc/4.8.3-2014q1/bin/../lib/gcc/arm-none-eabi/4.8.3/../../../../arm-none-eabi/lib/armv6-m\libnosys.a(_exit.o)
                                                  c:/users/petn/appdata/local/arduino15/packages/arduino/tools/arm-none-eabi-gcc/4.8.3-2014q1/bin/../lib/gcc/arm-none-eabi/4.8.3/../../../../arm-none-eabi/lib/armv6-m\libc_s.a(lib_a-exit.o)
_fini                                             c:/users/petn/appdata/local/arduino15/packages/arduino/tools/arm-none-eabi-gcc/4.8.3-2014q1/bin/../lib/gcc/arm-none-eabi/4.8.3/armv6-m/crti.o
_global_impure_ptr                                c:/users/petn/appdata/local/arduino15/packages/arduino/tools/arm-none-eabi-gcc/4.8.3-2014q1/bin/../lib/gcc/arm-none-eabi/4.8.3/../../../../arm-none-eabi/lib/armv6-m\libc_s.a(lib_a-impure.o)
                                                  c:/users/petn/appdata/local/arduino15/packages/arduino/tools/arm-none-eabi-gcc/4.8.3-2014q1/bin/../lib/gcc/arm-none-eabi/4.8.3/../../../../arm-none-eabi/lib/armv6-m\libc_s.a(lib_a-exit.o)
_impure_ptr                                       c:/users/petn/appdata/local/arduino15/packages/arduino/tools/arm-none-eabi-gcc/4.8.3-2014q1/bin/../lib/gcc/arm-none-eabi/4.8.3/../../../../arm-none-eabi/lib/armv6-m\libc_s.a(lib_a-impure.o)
_init                                             c:/users/petn/appdata/local/arduino15/packages/arduino/tools/arm-none-eabi-gcc/4.8.3-2014q1/bin/../lib/gcc/arm-none-eabi/4.8.3/armv6-m/crti.o
                                                  c:/users/petn/appdata/local/arduino15/packages/arduino/tools/arm-none-eabi-gcc/4.8.3-2014q1/bin/../lib/gcc/arm-none-eabi/4.8.3/../../../../arm-none-eabi/lib/armv6-m\libc_s.a(lib_a-init.o)
_mainCRTStartup                                   c:/users/petn/appdata/local/arduino15/packages/arduino/tools/arm-none-eabi-gcc/4.8.3-2014q1/bin/../lib/gcc/arm-none-eabi/4.8.3/../../../../arm-none-eabi/lib/armv6-m/crt0.o
_start                                            c:/users/petn/appdata/local/arduino15/packages/arduino/tools/arm-none-eabi-gcc/4.8.3-2014q1/bin/../lib/gcc/arm-none-eabi/4.8.3/../../../../arm-none-eabi/lib/armv6-m/crt0.o
atexit                                            c:/users/petn/appdata/local/arduino15/packages/arduino/tools/arm-none-eabi-gcc/4.8.3-2014q1/bin/../lib/gcc/arm-none-eabi/4.8.3/../../../../arm-none-eabi/lib/armv6-m/crt0.o
b_sam_ba_interface_usart                          debug/sam_ba_monitor.o
b_sharp_received                                  debug/sam_ba_serial.o
b_terminal_mode                                   debug/sam_ba_monitor.o
board_init                                        debug/board_init.o
                                                  debug/main.o
buffer_rx_usart                                   debug/sam_ba_serial.o
buffer_tx_usart                                   debug/sam_ba_serial.o
call_applet                                       debug/sam_ba_monitor.o
cdc_getc                                          debug/sam_ba_cdc.o
                                                  debug/sam_ba_monitor.o
cdc_is_rx_ready                                   debug/sam_ba_cdc.o
                                                  debug/sam_ba_monitor.o
cdc_putc                                          debug/sam_ba_cdc.o
                                                  debug/sam_ba_monitor.o
cdc_read_buf                                      debug/sam_ba_cdc.o
                                                  debug/sam_ba_monitor.o
cdc_read_buf_xmd                                  debug/sam_ba_cdc.o
                                                  debug/sam_ba_monitor.o
cdc_write_buf                                     debug/sam_ba_cdc.o
                                                  debug/sam_ba_monitor.o
command                                           debug/sam_ba_monitor.o
current_number                                    debug/sam_ba_monitor.o
data                                              debug/sam_ba_monitor.o
error_timeout                                     debug/sam_ba_serial.o
exception_table                                   debug/board_startup.o
exit                                              c:/users/petn/appdata/local/arduino15/packages/arduino/tools/arm-none-eabi-gcc/4.8.3-2014q1/bin/../lib/gcc/arm-none-eabi/4.8.3/../../../../arm-none-eabi/lib/armv6-m\libc_s.a(lib_a-exit.o)
                                                  c:/users/petn/appdata/local/arduino15/packages/arduino/tools/arm-none-eabi-gcc/4.8.3-2014q1/bin/../lib/gcc/arm-none-eabi/4.8.3/../../../../arm-none-eabi/lib/armv6-m/crt0.o
hardware_init_hook                                c:/users/petn/appdata/local/arduino15/packages/arduino/tools/arm-none-eabi-gcc/4.8.3-2014q1/bin/../lib/gcc/arm-none-eabi/4.8.3/../../../../arm-none-eabi/lib/armv6-m/crt0.o
i                                                 debug/sam_ba_monitor.o
idx_rx_read                                       debug/sam_ba_serial.o
idx_rx_write                                      debug/sam_ba_serial.o
idx_tx_read                                       debug/sam_ba_serial.o
idx_tx_write                                      debug/sam_ba_serial.o
j                                                 debug/sam_ba_monitor.o
ledDirection                                      debug/board_driver_led.o
ledKeepValue                                      debug/board_driver_led.o
ledTargetValue                                    debug/board_driver_led.o
length                                            debug/sam_ba_monitor.o
line_coding                                       debug/sam_ba_cdc.o
                                                  debug/sam_ba_usb.o
main                                              debug/main.o
                                                  debug/board_startup.o
                                                  c:/users/petn/appdata/local/arduino15/packages/arduino/tools/arm-none-eabi-gcc/4.8.3-2014q1/bin/../lib/gcc/arm-none-eabi/4.8.3/../../../../arm-none-eabi/lib/armv6-m/crt0.o
memcpy                                            c:/users/petn/appdata/local/arduino15/packages/arduino/tools/arm-none-eabi-gcc/4.8.3-2014q1/bin/../lib/gcc/arm-none-eabi/4.8.3/../../../../arm-none-eabi/lib/armv6-m\libc_s.a(lib_a-memcpy-stub.o)
                                                  debug/sam_ba_monitor.o
                                                  debug/sam_ba_usb.o
                                                  debug/board_driver_usb.o
memset                                            c:/users/petn/appdata/local/arduino15/packages/arduino/tools/arm-none-eabi-gcc/4.8.3-2014q1/bin/../lib/gcc/arm-none-eabi/4.8.3/../../../../arm-none-eabi/lib/armv6-m\libc_s.a(lib_a-memset.o)
                                                  debug/board_driver_usb.o
                                                  c:/users/petn/appdata/local/arduino15/packages/arduino/tools/arm-none-eabi-gcc/4.8.3-2014q1/bin/../lib/gcc/arm-none-eabi/4.8.3/../../../../arm-none-eabi/lib/armv6-m/crt0.o
mode_of_transfer                                  debug/sam_ba_serial.o
ptr                                               debug/sam_ba_monitor.o
ptr_data                                          debug/sam_ba_monitor.o
ptr_monitor_if                                    debug/sam_ba_monitor.o
pulSketch_Start_Address                           debug/main.o
rxLEDPulse                                        debug/sam_ba_monitor.o
sam_ba_cdc                                        debug/sam_ba_cdc.o
                                                  debug/sam_ba_usb.o
sam_ba_monitor_init                               debug/sam_ba_monitor.o
                                                  debug/main.o
sam_ba_monitor_run                                debug/sam_ba_monitor.o
                                                  debug/main.o
sam_ba_monitor_sys_tick                           debug/sam_ba_monitor.o
                                                  debug/main.o
sam_ba_putdata_term                               debug/sam_ba_monitor.o
sam_ba_usb_CDC_Enumerate                          debug/sam_ba_usb.o
                                                  debug/board_driver_usb.o
serial_add_crc                                    debug/sam_ba_serial.o
                                                  debug/sam_ba_monitor.o
serial_close                                      debug/sam_ba_serial.o
serial_getc                                       debug/sam_ba_serial.o
serial_getdata                                    debug/sam_ba_serial.o
serial_getdata_xmd                                debug/sam_ba_serial.o
serial_is_rx_ready                                debug/sam_ba_serial.o
serial_open                                       debug/sam_ba_serial.o
serial_putc                                       debug/sam_ba_serial.o
serial_putdata                                    debug/sam_ba_serial.o
serial_putdata_xmd                                debug/sam_ba_serial.o
serial_readc                                      debug/sam_ba_serial.o
serial_sharp_received                             debug/sam_ba_serial.o
size_of_data                                      debug/sam_ba_serial.o
software_init_hook                                c:/users/petn/appdata/local/arduino15/packages/arduino/tools/arm-none-eabi-gcc/4.8.3-2014q1/bin/../lib/gcc/arm-none-eabi/4.8.3/../../../../arm-none-eabi/lib/armv6-m/crt0.o
sp                                                debug/sam_ba_monitor.o
strlen                                            c:/users/petn/appdata/local/arduino15/packages/arduino/tools/arm-none-eabi-gcc/4.8.3-2014q1/bin/../lib/gcc/arm-none-eabi/4.8.3/../../../../arm-none-eabi/lib/armv6-m\libc_s.a(lib_a-strlen.o)
                                                  debug/sam_ba_usb.o
txLEDPulse                                        debug/sam_ba_monitor.o
u32tmp                                            debug/sam_ba_monitor.o
uart_basic_init                                   debug/board_driver_serial.o
                                                  debug/sam_ba_serial.o
uart_disable                                      debug/board_driver_serial.o
                                                  debug/sam_ba_serial.o
uart_drv_error_flag                               debug/board_driver_serial.o
uart_read_buffer_polled                           debug/board_driver_serial.o
uart_read_byte                                    debug/board_driver_serial.o
                                                  debug/sam_ba_serial.o
uart_write_buffer_polled                          debug/board_driver_serial.o
uart_write_byte                                   debug/board_driver_serial.o
                                                  debug/sam_ba_serial.o
udd_ep_in_cache_buffer                            debug/board_driver_usb.o
udd_ep_out_cache_buffer                           debug/sam_ba_usb.o
                                                  debug/board_driver_usb.o
usb_endpoint_table                                debug/board_driver_usb.o
usb_init                                          debug/sam_ba_usb.o
                                                  debug/main.o
usbcdc_if                                         debug/sam_ba_monitor.o
